[0.392s] DEBUG:colcon:Command line arguments: ['/usr/bin/colcon', 'build', '--packages-select', 'detection_and_avoidance', '--symlink-install']
[0.392s] DEBUG:colcon:Parsed command line arguments: Namespace(log_base=None, log_level=None, verb_name='build', build_base='build', install_base='install', merge_install=False, symlink_install=True, test_result_base=None, continue_on_error=False, executor='parallel', parallel_workers=4, event_handlers=None, ignore_user_meta=False, metas=['./colcon.meta'], base_paths=['.'], packages_ignore=None, packages_ignore_regex=None, paths=None, packages_up_to=None, packages_up_to_regex=None, packages_above=None, packages_above_and_dependencies=None, packages_above_depth=None, packages_select_by_dep=None, packages_skip_by_dep=None, packages_skip_up_to=None, packages_select_build_failed=False, packages_skip_build_finished=False, packages_select_test_failures=False, packages_skip_test_passed=False, packages_select=['detection_and_avoidance'], packages_skip=None, packages_select_regex=None, packages_skip_regex=None, packages_start=None, packages_end=None, allow_overriding=[], cmake_args=None, cmake_target=None, cmake_target_skip_unavailable=False, cmake_clean_cache=False, cmake_clean_first=False, cmake_force_configure=False, ament_cmake_args=None, catkin_cmake_args=None, catkin_skip_building_tests=False, mixin_files=None, mixin=None, verb_parser=<colcon_mixin.mixin.mixin_argument.MixinArgumentDecorator object at 0xffff85828ef0>, verb_extension=<colcon_core.verb.build.BuildVerb object at 0xffff857f7f80>, main=<bound method BuildVerb.main of <colcon_core.verb.build.BuildVerb object at 0xffff857f7f80>>, mixin_verb=('build',))
[0.504s] Level 1:colcon.colcon_core.package_discovery:discover_packages(colcon_meta) check parameters
[0.504s] Level 1:colcon.colcon_core.package_discovery:discover_packages(recursive) check parameters
[0.504s] Level 1:colcon.colcon_core.package_discovery:discover_packages(ignore) check parameters
[0.505s] Level 1:colcon.colcon_core.package_discovery:discover_packages(path) check parameters
[0.505s] Level 1:colcon.colcon_core.package_discovery:discover_packages(colcon_meta) discover
[0.505s] Level 1:colcon.colcon_core.package_discovery:discover_packages(recursive) discover
[0.505s] INFO:colcon.colcon_core.package_discovery:Crawling recursively for packages in '/home/fasty/Desktop/SDP'
[0.505s] Level 1:colcon.colcon_core.package_identification:_identify(.) by extensions ['ignore', 'ignore_ament_install']
[0.505s] Level 1:colcon.colcon_core.package_identification:_identify(.) by extension 'ignore'
[0.505s] Level 1:colcon.colcon_core.package_identification:_identify(.) by extension 'ignore_ament_install'
[0.506s] Level 1:colcon.colcon_core.package_identification:_identify(.) by extensions ['colcon_pkg']
[0.506s] Level 1:colcon.colcon_core.package_identification:_identify(.) by extension 'colcon_pkg'
[0.506s] Level 1:colcon.colcon_core.package_identification:_identify(.) by extensions ['colcon_meta']
[0.506s] Level 1:colcon.colcon_core.package_identification:_identify(.) by extension 'colcon_meta'
[0.506s] Level 1:colcon.colcon_core.package_identification:_identify(.) by extensions ['ros']
[0.506s] Level 1:colcon.colcon_core.package_identification:_identify(.) by extension 'ros'
[0.567s] Level 1:colcon.colcon_core.package_identification:_identify(.) by extensions ['cmake', 'python']
[0.567s] Level 1:colcon.colcon_core.package_identification:_identify(.) by extension 'cmake'
[0.567s] Level 1:colcon.colcon_core.package_identification:_identify(.) by extension 'python'
[0.567s] Level 1:colcon.colcon_core.package_identification:_identify(.) by extensions ['python_setup_py']
[0.568s] Level 1:colcon.colcon_core.package_identification:_identify(.) by extension 'python_setup_py'
[0.568s] Level 1:colcon.colcon_core.package_identification:_identify(build) by extensions ['ignore', 'ignore_ament_install']
[0.568s] Level 1:colcon.colcon_core.package_identification:_identify(build) by extension 'ignore'
[0.568s] Level 1:colcon.colcon_core.package_identification:_identify(build) ignored
[0.569s] Level 1:colcon.colcon_core.package_identification:_identify(detection_and_avoidance) by extensions ['ignore', 'ignore_ament_install']
[0.569s] Level 1:colcon.colcon_core.package_identification:_identify(detection_and_avoidance) by extension 'ignore'
[0.569s] Level 1:colcon.colcon_core.package_identification:_identify(detection_and_avoidance) by extension 'ignore_ament_install'
[0.569s] Level 1:colcon.colcon_core.package_identification:_identify(detection_and_avoidance) by extensions ['colcon_pkg']
[0.569s] Level 1:colcon.colcon_core.package_identification:_identify(detection_and_avoidance) by extension 'colcon_pkg'
[0.569s] Level 1:colcon.colcon_core.package_identification:_identify(detection_and_avoidance) by extensions ['colcon_meta']
[0.569s] Level 1:colcon.colcon_core.package_identification:_identify(detection_and_avoidance) by extension 'colcon_meta'
[0.569s] Level 1:colcon.colcon_core.package_identification:_identify(detection_and_avoidance) by extensions ['ros']
[0.570s] Level 1:colcon.colcon_core.package_identification:_identify(detection_and_avoidance) by extension 'ros'
[0.576s] DEBUG:colcon.colcon_core.package_identification:Package 'detection_and_avoidance' with type 'ros.ament_python' and name 'detection_and_avoidance'
[0.576s] Level 1:colcon.colcon_core.package_identification:_identify(install) by extensions ['ignore', 'ignore_ament_install']
[0.577s] Level 1:colcon.colcon_core.package_identification:_identify(install) by extension 'ignore'
[0.577s] Level 1:colcon.colcon_core.package_identification:_identify(install) ignored
[0.577s] Level 1:colcon.colcon_core.package_identification:_identify(jetson_rc_control) by extensions ['ignore', 'ignore_ament_install']
[0.577s] Level 1:colcon.colcon_core.package_identification:_identify(jetson_rc_control) by extension 'ignore'
[0.578s] Level 1:colcon.colcon_core.package_identification:_identify(jetson_rc_control) by extension 'ignore_ament_install'
[0.578s] Level 1:colcon.colcon_core.package_identification:_identify(jetson_rc_control) by extensions ['colcon_pkg']
[0.578s] Level 1:colcon.colcon_core.package_identification:_identify(jetson_rc_control) by extension 'colcon_pkg'
[0.578s] Level 1:colcon.colcon_core.package_identification:_identify(jetson_rc_control) by extensions ['colcon_meta']
[0.578s] Level 1:colcon.colcon_core.package_identification:_identify(jetson_rc_control) by extension 'colcon_meta'
[0.578s] Level 1:colcon.colcon_core.package_identification:_identify(jetson_rc_control) by extensions ['ros']
[0.578s] Level 1:colcon.colcon_core.package_identification:_identify(jetson_rc_control) by extension 'ros'
[0.578s] Level 1:colcon.colcon_core.package_identification:_identify(jetson_rc_control) by extensions ['cmake', 'python']
[0.579s] Level 1:colcon.colcon_core.package_identification:_identify(jetson_rc_control) by extension 'cmake'
[0.579s] Level 1:colcon.colcon_core.package_identification:_identify(jetson_rc_control) by extension 'python'
[0.579s] Level 1:colcon.colcon_core.package_identification:_identify(jetson_rc_control) by extensions ['python_setup_py']
[0.579s] Level 1:colcon.colcon_core.package_identification:_identify(jetson_rc_control) by extension 'python_setup_py'
[0.579s] Level 1:colcon.colcon_core.package_identification:_identify(jetson_rc_control/arduino) by extensions ['ignore', 'ignore_ament_install']
[0.579s] Level 1:colcon.colcon_core.package_identification:_identify(jetson_rc_control/arduino) by extension 'ignore'
[0.579s] Level 1:colcon.colcon_core.package_identification:_identify(jetson_rc_control/arduino) by extension 'ignore_ament_install'
[0.580s] Level 1:colcon.colcon_core.package_identification:_identify(jetson_rc_control/arduino) by extensions ['colcon_pkg']
[0.580s] Level 1:colcon.colcon_core.package_identification:_identify(jetson_rc_control/arduino) by extension 'colcon_pkg'
[0.580s] Level 1:colcon.colcon_core.package_identification:_identify(jetson_rc_control/arduino) by extensions ['colcon_meta']
[0.580s] Level 1:colcon.colcon_core.package_identification:_identify(jetson_rc_control/arduino) by extension 'colcon_meta'
[0.580s] Level 1:colcon.colcon_core.package_identification:_identify(jetson_rc_control/arduino) by extensions ['ros']
[0.580s] Level 1:colcon.colcon_core.package_identification:_identify(jetson_rc_control/arduino) by extension 'ros'
[0.580s] Level 1:colcon.colcon_core.package_identification:_identify(jetson_rc_control/arduino) by extensions ['cmake', 'python']
[0.580s] Level 1:colcon.colcon_core.package_identification:_identify(jetson_rc_control/arduino) by extension 'cmake'
[0.580s] Level 1:colcon.colcon_core.package_identification:_identify(jetson_rc_control/arduino) by extension 'python'
[0.580s] Level 1:colcon.colcon_core.package_identification:_identify(jetson_rc_control/arduino) by extensions ['python_setup_py']
[0.581s] Level 1:colcon.colcon_core.package_identification:_identify(jetson_rc_control/arduino) by extension 'python_setup_py'
[0.581s] Level 1:colcon.colcon_core.package_identification:_identify(jetson_rc_control/jetson) by extensions ['ignore', 'ignore_ament_install']
[0.581s] Level 1:colcon.colcon_core.package_identification:_identify(jetson_rc_control/jetson) by extension 'ignore'
[0.581s] Level 1:colcon.colcon_core.package_identification:_identify(jetson_rc_control/jetson) by extension 'ignore_ament_install'
[0.581s] Level 1:colcon.colcon_core.package_identification:_identify(jetson_rc_control/jetson) by extensions ['colcon_pkg']
[0.581s] Level 1:colcon.colcon_core.package_identification:_identify(jetson_rc_control/jetson) by extension 'colcon_pkg'
[0.581s] Level 1:colcon.colcon_core.package_identification:_identify(jetson_rc_control/jetson) by extensions ['colcon_meta']
[0.581s] Level 1:colcon.colcon_core.package_identification:_identify(jetson_rc_control/jetson) by extension 'colcon_meta'
[0.582s] Level 1:colcon.colcon_core.package_identification:_identify(jetson_rc_control/jetson) by extensions ['ros']
[0.582s] Level 1:colcon.colcon_core.package_identification:_identify(jetson_rc_control/jetson) by extension 'ros'
[0.582s] Level 1:colcon.colcon_core.package_identification:_identify(jetson_rc_control/jetson) by extensions ['cmake', 'python']
[0.582s] Level 1:colcon.colcon_core.package_identification:_identify(jetson_rc_control/jetson) by extension 'cmake'
[0.582s] Level 1:colcon.colcon_core.package_identification:_identify(jetson_rc_control/jetson) by extension 'python'
[0.582s] Level 1:colcon.colcon_core.package_identification:_identify(jetson_rc_control/jetson) by extensions ['python_setup_py']
[0.582s] Level 1:colcon.colcon_core.package_identification:_identify(jetson_rc_control/jetson) by extension 'python_setup_py'
[0.582s] Level 1:colcon.colcon_core.package_identification:_identify(jetson_rc_control/jetson/__pycache__) by extensions ['ignore', 'ignore_ament_install']
[0.583s] Level 1:colcon.colcon_core.package_identification:_identify(jetson_rc_control/jetson/__pycache__) by extension 'ignore'
[0.583s] Level 1:colcon.colcon_core.package_identification:_identify(jetson_rc_control/jetson/__pycache__) by extension 'ignore_ament_install'
[0.583s] Level 1:colcon.colcon_core.package_identification:_identify(jetson_rc_control/jetson/__pycache__) by extensions ['colcon_pkg']
[0.583s] Level 1:colcon.colcon_core.package_identification:_identify(jetson_rc_control/jetson/__pycache__) by extension 'colcon_pkg'
[0.583s] Level 1:colcon.colcon_core.package_identification:_identify(jetson_rc_control/jetson/__pycache__) by extensions ['colcon_meta']
[0.583s] Level 1:colcon.colcon_core.package_identification:_identify(jetson_rc_control/jetson/__pycache__) by extension 'colcon_meta'
[0.583s] Level 1:colcon.colcon_core.package_identification:_identify(jetson_rc_control/jetson/__pycache__) by extensions ['ros']
[0.583s] Level 1:colcon.colcon_core.package_identification:_identify(jetson_rc_control/jetson/__pycache__) by extension 'ros'
[0.583s] Level 1:colcon.colcon_core.package_identification:_identify(jetson_rc_control/jetson/__pycache__) by extensions ['cmake', 'python']
[0.584s] Level 1:colcon.colcon_core.package_identification:_identify(jetson_rc_control/jetson/__pycache__) by extension 'cmake'
[0.584s] Level 1:colcon.colcon_core.package_identification:_identify(jetson_rc_control/jetson/__pycache__) by extension 'python'
[0.584s] Level 1:colcon.colcon_core.package_identification:_identify(jetson_rc_control/jetson/__pycache__) by extensions ['python_setup_py']
[0.584s] Level 1:colcon.colcon_core.package_identification:_identify(jetson_rc_control/jetson/__pycache__) by extension 'python_setup_py'
[0.584s] Level 1:colcon.colcon_core.package_identification:_identify(log) by extensions ['ignore', 'ignore_ament_install']
[0.584s] Level 1:colcon.colcon_core.package_identification:_identify(log) by extension 'ignore'
[0.584s] Level 1:colcon.colcon_core.package_identification:_identify(log) ignored
[0.584s] Level 1:colcon.colcon_core.package_identification:_identify(my_team_racer) by extensions ['ignore', 'ignore_ament_install']
[0.585s] Level 1:colcon.colcon_core.package_identification:_identify(my_team_racer) by extension 'ignore'
[0.585s] Level 1:colcon.colcon_core.package_identification:_identify(my_team_racer) by extension 'ignore_ament_install'
[0.585s] Level 1:colcon.colcon_core.package_identification:_identify(my_team_racer) by extensions ['colcon_pkg']
[0.585s] Level 1:colcon.colcon_core.package_identification:_identify(my_team_racer) by extension 'colcon_pkg'
[0.585s] Level 1:colcon.colcon_core.package_identification:_identify(my_team_racer) by extensions ['colcon_meta']
[0.585s] Level 1:colcon.colcon_core.package_identification:_identify(my_team_racer) by extension 'colcon_meta'
[0.585s] Level 1:colcon.colcon_core.package_identification:_identify(my_team_racer) by extensions ['ros']
[0.585s] Level 1:colcon.colcon_core.package_identification:_identify(my_team_racer) by extension 'ros'
[0.587s] DEBUG:colcon.colcon_core.package_identification:Package 'my_team_racer' with type 'ros.ament_python' and name 'my_team_racer'
[0.587s] Level 1:colcon.colcon_core.package_discovery:discover_packages(recursive) using defaults
[0.587s] Level 1:colcon.colcon_core.package_discovery:discover_packages(ignore) discover
[0.587s] Level 1:colcon.colcon_core.package_discovery:discover_packages(ignore) using defaults
[0.587s] Level 1:colcon.colcon_core.package_discovery:discover_packages(path) discover
[0.587s] Level 1:colcon.colcon_core.package_discovery:discover_packages(path) using defaults
[0.636s] INFO:colcon.colcon_core.package_selection:Skipping not selected package 'my_team_racer' in 'my_team_racer'
[0.637s] Level 1:colcon.colcon_core.package_discovery:discover_packages(prefix_path) check parameters
[0.638s] Level 1:colcon.colcon_core.package_discovery:discover_packages(prefix_path) discover
[0.645s] DEBUG:colcon.colcon_installed_package_information.package_discovery:Found 287 installed packages in /opt/ros/jazzy
[0.648s] Level 1:colcon.colcon_core.package_discovery:discover_packages(prefix_path) using defaults
[0.748s] Level 5:colcon.colcon_core.verb:set package 'detection_and_avoidance' build argument 'cmake_args' from command line to 'None'
[0.748s] Level 5:colcon.colcon_core.verb:set package 'detection_and_avoidance' build argument 'cmake_target' from command line to 'None'
[0.748s] Level 5:colcon.colcon_core.verb:set package 'detection_and_avoidance' build argument 'cmake_target_skip_unavailable' from command line to 'False'
[0.748s] Level 5:colcon.colcon_core.verb:set package 'detection_and_avoidance' build argument 'cmake_clean_cache' from command line to 'False'
[0.748s] Level 5:colcon.colcon_core.verb:set package 'detection_and_avoidance' build argument 'cmake_clean_first' from command line to 'False'
[0.748s] Level 5:colcon.colcon_core.verb:set package 'detection_and_avoidance' build argument 'cmake_force_configure' from command line to 'False'
[0.748s] Level 5:colcon.colcon_core.verb:set package 'detection_and_avoidance' build argument 'ament_cmake_args' from command line to 'None'
[0.749s] Level 5:colcon.colcon_core.verb:set package 'detection_and_avoidance' build argument 'catkin_cmake_args' from command line to 'None'
[0.749s] Level 5:colcon.colcon_core.verb:set package 'detection_and_avoidance' build argument 'catkin_skip_building_tests' from command line to 'False'
[0.749s] DEBUG:colcon.colcon_core.verb:Building package 'detection_and_avoidance' with the following arguments: {'ament_cmake_args': None, 'build_base': '/home/fasty/Desktop/SDP/build/detection_and_avoidance', 'catkin_cmake_args': None, 'catkin_skip_building_tests': False, 'cmake_args': None, 'cmake_clean_cache': False, 'cmake_clean_first': False, 'cmake_force_configure': False, 'cmake_target': None, 'cmake_target_skip_unavailable': False, 'install_base': '/home/fasty/Desktop/SDP/install/detection_and_avoidance', 'merge_install': False, 'path': '/home/fasty/Desktop/SDP/detection_and_avoidance', 'symlink_install': True, 'test_result_base': None}
[0.749s] INFO:colcon.colcon_core.executor:Executing jobs using 'parallel' executor
[0.751s] DEBUG:colcon.colcon_parallel_executor.executor.parallel:run_until_complete
[0.752s] INFO:colcon.colcon_ros.task.ament_python.build:Building ROS package in '/home/fasty/Desktop/SDP/detection_and_avoidance' with build type 'ament_python'
[0.752s] Level 1:colcon.colcon_core.shell:create_environment_hook('detection_and_avoidance', 'ament_prefix_path')
[0.765s] INFO:colcon.colcon_core.plugin_system:Skipping extension 'colcon_core.shell.bat': Not used on non-Windows systems
[0.765s] INFO:colcon.colcon_core.shell:Creating environment hook '/home/fasty/Desktop/SDP/install/detection_and_avoidance/share/detection_and_avoidance/hook/ament_prefix_path.ps1'
[0.767s] INFO:colcon.colcon_core.shell:Creating environment descriptor '/home/fasty/Desktop/SDP/install/detection_and_avoidance/share/detection_and_avoidance/hook/ament_prefix_path.dsv'
[0.769s] INFO:colcon.colcon_core.shell:Creating environment hook '/home/fasty/Desktop/SDP/install/detection_and_avoidance/share/detection_and_avoidance/hook/ament_prefix_path.sh'
[0.771s] INFO:colcon.colcon_core.shell:Skip shell extension 'powershell' for command environment: Not usable outside of PowerShell
[0.771s] DEBUG:colcon.colcon_core.shell:Skip shell extension 'dsv' for command environment
[1.344s] INFO:colcon.colcon_core.task.python.build:Building Python package in '/home/fasty/Desktop/SDP/detection_and_avoidance'
[1.345s] INFO:colcon.colcon_core.shell:Skip shell extension 'powershell' for command environment: Not usable outside of PowerShell
[1.345s] DEBUG:colcon.colcon_core.shell:Skip shell extension 'dsv' for command environment
[3.207s] DEBUG:colcon.colcon_core.task.python.build:Available setuptools commands: editable_wheel, saveopts, install, rotate, sdist, build_ext, install_lib, extract_messages, init_catalog, bdist_egg, bdist_rpm, egg_info, bdist_wheel, compile_catalog, upload, check, symlink_data, build_py, install_egg_info, bdist, clean, build_scripts, install_headers, install_data, upload_docs, register, build, develop, dist_info, alias, install_scripts, setopt, build_clib, update_catalog, easy_install, test, bdist_dumb
[4.065s] DEBUG:colcon.colcon_core.task.python.build:Available setuptools 'develop' options: --version, --no-user-cfg, --find-links, --install-dir, --install-layout, --optimize, --record, --script-dir, --multi-version, --index-url, --site-dirs, --exclude-scripts, --verbose, --help, --no-deps, --uninstall, --prefix, --build-directory, --egg-path, --quiet, --always-unzip, --force-installation-into-system-dir, --user, --dry-run, --upgrade, --always-copy, --zip-ok, --local-snapshots-ok, --allow-hosts, --no-find-links, --editable
[4.068s] DEBUG:colcon.colcon_core.event_handler.log_command:Invoking command in '/home/fasty/Desktop/SDP/build/detection_and_avoidance': DEBUGINFOD_URLS=https://debuginfod.ubuntu.com PYTHONPATH=/home/fasty/Desktop/SDP/build/detection_and_avoidance/prefix_override:/usr/lib/python3/dist-packages/colcon_core/task/python/colcon_distutils_commands:/home/fasty/Desktop/SDP/install/detection_and_avoidance/lib/python3.12/site-packages:${PYTHONPATH} /usr/bin/python3 -W ignore:setup.py install is deprecated -W ignore:easy_install command is deprecated setup.py develop --editable --build-directory /home/fasty/Desktop/SDP/build/detection_and_avoidance/build --no-deps symlink_data
[5.648s] Level 1:colcon.colcon_core.shell:create_environment_hook('detection_and_avoidance', 'pythonpath_develop')
[5.649s] INFO:colcon.colcon_core.shell:Creating environment hook '/home/fasty/Desktop/SDP/build/detection_and_avoidance/share/detection_and_avoidance/hook/pythonpath_develop.ps1'
[5.649s] DEBUG:colcon.colcon_core.event_handler.log_command:Invoked command in '/home/fasty/Desktop/SDP/build/detection_and_avoidance' returned '0': DEBUGINFOD_URLS=https://debuginfod.ubuntu.com PYTHONPATH=/home/fasty/Desktop/SDP/build/detection_and_avoidance/prefix_override:/usr/lib/python3/dist-packages/colcon_core/task/python/colcon_distutils_commands:/home/fasty/Desktop/SDP/install/detection_and_avoidance/lib/python3.12/site-packages:${PYTHONPATH} /usr/bin/python3 -W ignore:setup.py install is deprecated -W ignore:easy_install command is deprecated setup.py develop --editable --build-directory /home/fasty/Desktop/SDP/build/detection_and_avoidance/build --no-deps symlink_data
[5.651s] INFO:colcon.colcon_core.shell:Creating environment descriptor '/home/fasty/Desktop/SDP/build/detection_and_avoidance/share/detection_and_avoidance/hook/pythonpath_develop.dsv'
[5.651s] INFO:colcon.colcon_core.shell:Creating environment hook '/home/fasty/Desktop/SDP/build/detection_and_avoidance/share/detection_and_avoidance/hook/pythonpath_develop.sh'
[5.663s] Level 1:colcon.colcon_core.environment:checking '/home/fasty/Desktop/SDP/install/detection_and_avoidance' for CMake module files
[5.664s] Level 1:colcon.colcon_core.environment:checking '/home/fasty/Desktop/SDP/install/detection_and_avoidance' for CMake config files
[5.665s] Level 1:colcon.colcon_core.environment:checking '/home/fasty/Desktop/SDP/install/detection_and_avoidance/lib'
[5.665s] Level 1:colcon.colcon_core.environment:checking '/home/fasty/Desktop/SDP/install/detection_and_avoidance/bin'
[5.665s] Level 1:colcon.colcon_core.environment:checking '/home/fasty/Desktop/SDP/install/detection_and_avoidance/lib/pkgconfig/detection_and_avoidance.pc'
[5.666s] Level 1:colcon.colcon_core.environment:checking '/home/fasty/Desktop/SDP/install/detection_and_avoidance/lib/python3.12/site-packages'
[5.666s] Level 1:colcon.colcon_core.shell:create_environment_hook('detection_and_avoidance', 'pythonpath')
[5.667s] INFO:colcon.colcon_core.shell:Creating environment hook '/home/fasty/Desktop/SDP/install/detection_and_avoidance/share/detection_and_avoidance/hook/pythonpath.ps1'
[5.667s] INFO:colcon.colcon_core.shell:Creating environment descriptor '/home/fasty/Desktop/SDP/install/detection_and_avoidance/share/detection_and_avoidance/hook/pythonpath.dsv'
[5.668s] INFO:colcon.colcon_core.shell:Creating environment hook '/home/fasty/Desktop/SDP/install/detection_and_avoidance/share/detection_and_avoidance/hook/pythonpath.sh'
[5.669s] Level 1:colcon.colcon_core.environment:checking '/home/fasty/Desktop/SDP/install/detection_and_avoidance/bin'
[5.670s] Level 1:colcon.colcon_core.environment:create_environment_scripts_only(detection_and_avoidance)
[5.670s] INFO:colcon.colcon_core.shell:Creating package script '/home/fasty/Desktop/SDP/install/detection_and_avoidance/share/detection_and_avoidance/package.ps1'
[5.672s] INFO:colcon.colcon_core.shell:Creating package descriptor '/home/fasty/Desktop/SDP/install/detection_and_avoidance/share/detection_and_avoidance/package.dsv'
[5.674s] INFO:colcon.colcon_core.shell:Creating package script '/home/fasty/Desktop/SDP/install/detection_and_avoidance/share/detection_and_avoidance/package.sh'
[5.676s] INFO:colcon.colcon_core.shell:Creating package script '/home/fasty/Desktop/SDP/install/detection_and_avoidance/share/detection_and_avoidance/package.bash'
[5.678s] INFO:colcon.colcon_core.shell:Creating package script '/home/fasty/Desktop/SDP/install/detection_and_avoidance/share/detection_and_avoidance/package.zsh'
[5.679s] Level 1:colcon.colcon_core.environment:create_file_with_runtime_dependencies(/home/fasty/Desktop/SDP/install/detection_and_avoidance/share/colcon-core/packages/detection_and_avoidance)
[5.680s] DEBUG:colcon.colcon_parallel_executor.executor.parallel:closing loop
[5.680s] DEBUG:colcon.colcon_parallel_executor.executor.parallel:loop closed
[5.681s] DEBUG:colcon.colcon_parallel_executor.executor.parallel:run_until_complete finished with '0'
[5.681s] DEBUG:colcon.colcon_core.event_reactor:joining thread
[5.695s] INFO:colcon.colcon_core.plugin_system:Skipping extension 'colcon_notification.desktop_notification.terminal_notifier': Not used on non-Darwin systems
[5.695s] INFO:colcon.colcon_core.plugin_system:Skipping extension 'colcon_notification.desktop_notification.win32': Not used on non-Windows systems
[5.696s] INFO:colcon.colcon_notification.desktop_notification:Sending desktop notification using 'notify2'
[5.746s] DEBUG:colcon.colcon_core.event_reactor:joined thread
[5.747s] INFO:colcon.colcon_core.shell:Creating prefix script '/home/fasty/Desktop/SDP/install/local_setup.ps1'
[5.749s] INFO:colcon.colcon_core.shell:Creating prefix util module '/home/fasty/Desktop/SDP/install/_local_setup_util_ps1.py'
[5.752s] INFO:colcon.colcon_core.shell:Creating prefix chain script '/home/fasty/Desktop/SDP/install/setup.ps1'
[5.754s] INFO:colcon.colcon_core.shell:Creating prefix script '/home/fasty/Desktop/SDP/install/local_setup.sh'
[5.755s] INFO:colcon.colcon_core.shell:Creating prefix util module '/home/fasty/Desktop/SDP/install/_local_setup_util_sh.py'
[5.757s] INFO:colcon.colcon_core.shell:Creating prefix chain script '/home/fasty/Desktop/SDP/install/setup.sh'
[5.759s] INFO:colcon.colcon_core.shell:Creating prefix script '/home/fasty/Desktop/SDP/install/local_setup.bash'
[5.760s] INFO:colcon.colcon_core.shell:Creating prefix chain script '/home/fasty/Desktop/SDP/install/setup.bash'
[5.761s] INFO:colcon.colcon_core.shell:Creating prefix script '/home/fasty/Desktop/SDP/install/local_setup.zsh'
[5.762s] INFO:colcon.colcon_core.shell:Creating prefix chain script '/home/fasty/Desktop/SDP/install/setup.zsh'
