running develop
running egg_info
creating detection_and_avoidance.egg-info
writing detection_and_avoidance.egg-info/PKG-INFO
writing dependency_links to detection_and_avoidance.egg-info/dependency_links.txt
writing entry points to detection_and_avoidance.egg-info/entry_points.txt
writing requirements to detection_and_avoidance.egg-info/requires.txt
writing top-level names to detection_and_avoidance.egg-info/top_level.txt
writing manifest file 'detection_and_avoidance.egg-info/SOURCES.txt'
reading manifest file 'detection_and_avoidance.egg-info/SOURCES.txt'
writing manifest file 'detection_and_avoidance.egg-info/SOURCES.txt'
running build_ext
Creating /home/fasty/Desktop/SDP/install/detection_and_avoidance/lib/python3.12/site-packages/detection-and-avoidance.egg-link (link to .)
Installing avoid_obstacles script to /home/fasty/Desktop/SDP/install/detection_and_avoidance/lib/detection_and_avoidance

Installed /home/fasty/Desktop/SDP/build/detection_and_avoidance
running symlink_data
creating /home/fasty/Desktop/SDP/install/detection_and_avoidance/share/ament_index
creating /home/fasty/Desktop/SDP/install/detection_and_avoidance/share/ament_index/resource_index
creating /home/fasty/Desktop/SDP/install/detection_and_avoidance/share/ament_index/resource_index/packages
symbolically linking /home/fasty/Desktop/SDP/build/detection_and_avoidance/resource/detection_and_avoidance -> /home/fasty/Desktop/SDP/install/detection_and_avoidance/share/ament_index/resource_index/packages
symbolically linking /home/fasty/Desktop/SDP/build/detection_and_avoidance/package.xml -> /home/fasty/Desktop/SDP/install/detection_and_avoidance/share/detection_and_avoidance
creating /home/fasty/Desktop/SDP/install/detection_and_avoidance/share/detection_and_avoidance/launch
symbolically linking /home/fasty/Desktop/SDP/build/detection_and_avoidance/launch/avoidance.launch.py -> /home/fasty/Desktop/SDP/install/detection_and_avoidance/share/detection_and_avoidance/launch
creating /home/fasty/Desktop/SDP/install/detection_and_avoidance/share/detection_and_avoidance/config
symbolically linking /home/fasty/Desktop/SDP/build/detection_and_avoidance/config/avoidance.yaml -> /home/fasty/Desktop/SDP/install/detection_and_avoidance/share/detection_and_avoidance/config
