/home/fasty/Desktop/SDP/detection_and_avoidance/install/detection_and_avoidance/lib/python3.12/site-packages/detection_and_avoidance/avoid_obstacles.py
/home/fasty/Desktop/SDP/detection_and_avoidance/install/detection_and_avoidance/lib/python3.12/site-packages/detection_and_avoidance/planner.py
/home/fasty/Desktop/SDP/detection_and_avoidance/install/detection_and_avoidance/lib/python3.12/site-packages/detection_and_avoidance/vesc_driver.py
/home/fasty/Desktop/SDP/detection_and_avoidance/install/detection_and_avoidance/lib/python3.12/site-packages/detection_and_avoidance/__init__.py
/home/fasty/Desktop/SDP/detection_and_avoidance/install/detection_and_avoidance/lib/python3.12/site-packages/detection_and_avoidance/__pycache__/avoid_obstacles.cpython-312.pyc
/home/fasty/Desktop/SDP/detection_and_avoidance/install/detection_and_avoidance/lib/python3.12/site-packages/detection_and_avoidance/__pycache__/planner.cpython-312.pyc
/home/fasty/Desktop/SDP/detection_and_avoidance/install/detection_and_avoidance/lib/python3.12/site-packages/detection_and_avoidance/__pycache__/vesc_driver.cpython-312.pyc
/home/fasty/Desktop/SDP/detection_and_avoidance/install/detection_and_avoidance/lib/python3.12/site-packages/detection_and_avoidance/__pycache__/__init__.cpython-312.pyc
/home/fasty/Desktop/SDP/detection_and_avoidance/install/detection_and_avoidance/share/ament_index/resource_index/packages/detection_and_avoidance
/home/fasty/Desktop/SDP/detection_and_avoidance/install/detection_and_avoidance/share/detection_and_avoidance/package.xml
/home/fasty/Desktop/SDP/detection_and_avoidance/install/detection_and_avoidance/share/detection_and_avoidance/launch/avoidance.launch.py
/home/fasty/Desktop/SDP/detection_and_avoidance/install/detection_and_avoidance/share/detection_and_avoidance/config/avoidance.yaml
/home/fasty/Desktop/SDP/detection_and_avoidance/install/detection_and_avoidance/lib/python3.12/site-packages/detection_and_avoidance-0.1.0-py3.12.egg-info/entry_points.txt
/home/fasty/Desktop/SDP/detection_and_avoidance/install/detection_and_avoidance/lib/python3.12/site-packages/detection_and_avoidance-0.1.0-py3.12.egg-info/zip-safe
/home/fasty/Desktop/SDP/detection_and_avoidance/install/detection_and_avoidance/lib/python3.12/site-packages/detection_and_avoidance-0.1.0-py3.12.egg-info/top_level.txt
/home/fasty/Desktop/SDP/detection_and_avoidance/install/detection_and_avoidance/lib/python3.12/site-packages/detection_and_avoidance-0.1.0-py3.12.egg-info/dependency_links.txt
/home/fasty/Desktop/SDP/detection_and_avoidance/install/detection_and_avoidance/lib/python3.12/site-packages/detection_and_avoidance-0.1.0-py3.12.egg-info/PKG-INFO
/home/fasty/Desktop/SDP/detection_and_avoidance/install/detection_and_avoidance/lib/python3.12/site-packages/detection_and_avoidance-0.1.0-py3.12.egg-info/requires.txt
/home/fasty/Desktop/SDP/detection_and_avoidance/install/detection_and_avoidance/lib/python3.12/site-packages/detection_and_avoidance-0.1.0-py3.12.egg-info/SOURCES.txt
/home/fasty/Desktop/SDP/detection_and_avoidance/install/detection_and_avoidance/lib/detection_and_avoidance/avoid_obstacles
