[0.257s] DEBUG:colcon:Command line arguments: ['/usr/bin/colcon', 'build', '--packages-select', 'detection_and_avoidance', '--symlink-install']
[0.257s] DEBUG:colcon:Parsed command line arguments: Namespace(log_base=None, log_level=None, verb_name='build', build_base='build', install_base='install', merge_install=False, symlink_install=True, test_result_base=None, continue_on_error=False, executor='parallel', parallel_workers=4, event_handlers=None, ignore_user_meta=False, metas=['./colcon.meta'], base_paths=['.'], packages_ignore=None, packages_ignore_regex=None, paths=None, packages_up_to=None, packages_up_to_regex=None, packages_above=None, packages_above_and_dependencies=None, packages_above_depth=None, packages_select_by_dep=None, packages_skip_by_dep=None, packages_skip_up_to=None, packages_select_build_failed=False, packages_skip_build_finished=False, packages_select_test_failures=False, packages_skip_test_passed=False, packages_select=['detection_and_avoidance'], packages_skip=None, packages_select_regex=None, packages_skip_regex=None, packages_start=None, packages_end=None, allow_overriding=[], cmake_args=None, cmake_target=None, cmake_target_skip_unavailable=False, cmake_clean_cache=False, cmake_clean_first=False, cmake_force_configure=False, ament_cmake_args=None, catkin_cmake_args=None, catkin_skip_building_tests=False, mixin_files=None, mixin=None, verb_parser=<colcon_mixin.mixin.mixin_argument.MixinArgumentDecorator object at 0xffffb1f88f20>, verb_extension=<colcon_core.verb.build.BuildVerb object at 0xffffb21cc410>, main=<bound method BuildVerb.main of <colcon_core.verb.build.BuildVerb object at 0xffffb21cc410>>, mixin_verb=('build',))
[0.348s] Level 1:colcon.colcon_core.package_discovery:discover_packages(colcon_meta) check parameters
[0.348s] Level 1:colcon.colcon_core.package_discovery:discover_packages(recursive) check parameters
[0.348s] Level 1:colcon.colcon_core.package_discovery:discover_packages(ignore) check parameters
[0.348s] Level 1:colcon.colcon_core.package_discovery:discover_packages(path) check parameters
[0.348s] Level 1:colcon.colcon_core.package_discovery:discover_packages(colcon_meta) discover
[0.349s] Level 1:colcon.colcon_core.package_discovery:discover_packages(recursive) discover
[0.349s] INFO:colcon.colcon_core.package_discovery:Crawling recursively for packages in '/home/fasty/Desktop/SDP'
[0.349s] Level 1:colcon.colcon_core.package_identification:_identify(.) by extensions ['ignore', 'ignore_ament_install']
[0.349s] Level 1:colcon.colcon_core.package_identification:_identify(.) by extension 'ignore'
[0.349s] Level 1:colcon.colcon_core.package_identification:_identify(.) by extension 'ignore_ament_install'
[0.349s] Level 1:colcon.colcon_core.package_identification:_identify(.) by extensions ['colcon_pkg']
[0.350s] Level 1:colcon.colcon_core.package_identification:_identify(.) by extension 'colcon_pkg'
[0.350s] Level 1:colcon.colcon_core.package_identification:_identify(.) by extensions ['colcon_meta']
[0.350s] Level 1:colcon.colcon_core.package_identification:_identify(.) by extension 'colcon_meta'
[0.350s] Level 1:colcon.colcon_core.package_identification:_identify(.) by extensions ['ros']
[0.350s] Level 1:colcon.colcon_core.package_identification:_identify(.) by extension 'ros'
[0.411s] Level 1:colcon.colcon_core.package_identification:_identify(.) by extensions ['cmake', 'python']
[0.412s] Level 1:colcon.colcon_core.package_identification:_identify(.) by extension 'cmake'
[0.412s] Level 1:colcon.colcon_core.package_identification:_identify(.) by extension 'python'
[0.412s] Level 1:colcon.colcon_core.package_identification:_identify(.) by extensions ['python_setup_py']
[0.412s] Level 1:colcon.colcon_core.package_identification:_identify(.) by extension 'python_setup_py'
[0.412s] Level 1:colcon.colcon_core.package_identification:_identify(build) by extensions ['ignore', 'ignore_ament_install']
[0.413s] Level 1:colcon.colcon_core.package_identification:_identify(build) by extension 'ignore'
[0.413s] Level 1:colcon.colcon_core.package_identification:_identify(build) ignored
[0.413s] Level 1:colcon.colcon_core.package_identification:_identify(detection_and_avoidance) by extensions ['ignore', 'ignore_ament_install']
[0.413s] Level 1:colcon.colcon_core.package_identification:_identify(detection_and_avoidance) by extension 'ignore'
[0.413s] Level 1:colcon.colcon_core.package_identification:_identify(detection_and_avoidance) by extension 'ignore_ament_install'
[0.414s] Level 1:colcon.colcon_core.package_identification:_identify(detection_and_avoidance) by extensions ['colcon_pkg']
[0.414s] Level 1:colcon.colcon_core.package_identification:_identify(detection_and_avoidance) by extension 'colcon_pkg'
[0.414s] Level 1:colcon.colcon_core.package_identification:_identify(detection_and_avoidance) by extensions ['colcon_meta']
[0.414s] Level 1:colcon.colcon_core.package_identification:_identify(detection_and_avoidance) by extension 'colcon_meta'
[0.414s] Level 1:colcon.colcon_core.package_identification:_identify(detection_and_avoidance) by extensions ['ros']
[0.414s] Level 1:colcon.colcon_core.package_identification:_identify(detection_and_avoidance) by extension 'ros'
[0.420s] DEBUG:colcon.colcon_core.package_identification:Package 'detection_and_avoidance' with type 'ros.ament_python' and name 'detection_and_avoidance'
[0.420s] Level 1:colcon.colcon_core.package_identification:_identify(install) by extensions ['ignore', 'ignore_ament_install']
[0.420s] Level 1:colcon.colcon_core.package_identification:_identify(install) by extension 'ignore'
[0.420s] Level 1:colcon.colcon_core.package_identification:_identify(install) ignored
[0.421s] Level 1:colcon.colcon_core.package_identification:_identify(jetson_rc_control) by extensions ['ignore', 'ignore_ament_install']
[0.421s] Level 1:colcon.colcon_core.package_identification:_identify(jetson_rc_control) by extension 'ignore'
[0.421s] Level 1:colcon.colcon_core.package_identification:_identify(jetson_rc_control) by extension 'ignore_ament_install'
[0.421s] Level 1:colcon.colcon_core.package_identification:_identify(jetson_rc_control) by extensions ['colcon_pkg']
[0.421s] Level 1:colcon.colcon_core.package_identification:_identify(jetson_rc_control) by extension 'colcon_pkg'
[0.421s] Level 1:colcon.colcon_core.package_identification:_identify(jetson_rc_control) by extensions ['colcon_meta']
[0.421s] Level 1:colcon.colcon_core.package_identification:_identify(jetson_rc_control) by extension 'colcon_meta'
[0.422s] Level 1:colcon.colcon_core.package_identification:_identify(jetson_rc_control) by extensions ['ros']
[0.422s] Level 1:colcon.colcon_core.package_identification:_identify(jetson_rc_control) by extension 'ros'
[0.422s] Level 1:colcon.colcon_core.package_identification:_identify(jetson_rc_control) by extensions ['cmake', 'python']
[0.422s] Level 1:colcon.colcon_core.package_identification:_identify(jetson_rc_control) by extension 'cmake'
[0.422s] Level 1:colcon.colcon_core.package_identification:_identify(jetson_rc_control) by extension 'python'
[0.422s] Level 1:colcon.colcon_core.package_identification:_identify(jetson_rc_control) by extensions ['python_setup_py']
[0.422s] Level 1:colcon.colcon_core.package_identification:_identify(jetson_rc_control) by extension 'python_setup_py'
[0.422s] Level 1:colcon.colcon_core.package_identification:_identify(jetson_rc_control/arduino) by extensions ['ignore', 'ignore_ament_install']
[0.423s] Level 1:colcon.colcon_core.package_identification:_identify(jetson_rc_control/arduino) by extension 'ignore'
[0.423s] Level 1:colcon.colcon_core.package_identification:_identify(jetson_rc_control/arduino) by extension 'ignore_ament_install'
[0.423s] Level 1:colcon.colcon_core.package_identification:_identify(jetson_rc_control/arduino) by extensions ['colcon_pkg']
[0.423s] Level 1:colcon.colcon_core.package_identification:_identify(jetson_rc_control/arduino) by extension 'colcon_pkg'
[0.423s] Level 1:colcon.colcon_core.package_identification:_identify(jetson_rc_control/arduino) by extensions ['colcon_meta']
[0.423s] Level 1:colcon.colcon_core.package_identification:_identify(jetson_rc_control/arduino) by extension 'colcon_meta'
[0.423s] Level 1:colcon.colcon_core.package_identification:_identify(jetson_rc_control/arduino) by extensions ['ros']
[0.423s] Level 1:colcon.colcon_core.package_identification:_identify(jetson_rc_control/arduino) by extension 'ros'
[0.424s] Level 1:colcon.colcon_core.package_identification:_identify(jetson_rc_control/arduino) by extensions ['cmake', 'python']
[0.424s] Level 1:colcon.colcon_core.package_identification:_identify(jetson_rc_control/arduino) by extension 'cmake'
[0.424s] Level 1:colcon.colcon_core.package_identification:_identify(jetson_rc_control/arduino) by extension 'python'
[0.424s] Level 1:colcon.colcon_core.package_identification:_identify(jetson_rc_control/arduino) by extensions ['python_setup_py']
[0.424s] Level 1:colcon.colcon_core.package_identification:_identify(jetson_rc_control/arduino) by extension 'python_setup_py'
[0.424s] Level 1:colcon.colcon_core.package_identification:_identify(jetson_rc_control/jetson) by extensions ['ignore', 'ignore_ament_install']
[0.424s] Level 1:colcon.colcon_core.package_identification:_identify(jetson_rc_control/jetson) by extension 'ignore'
[0.424s] Level 1:colcon.colcon_core.package_identification:_identify(jetson_rc_control/jetson) by extension 'ignore_ament_install'
[0.425s] Level 1:colcon.colcon_core.package_identification:_identify(jetson_rc_control/jetson) by extensions ['colcon_pkg']
[0.425s] Level 1:colcon.colcon_core.package_identification:_identify(jetson_rc_control/jetson) by extension 'colcon_pkg'
[0.425s] Level 1:colcon.colcon_core.package_identification:_identify(jetson_rc_control/jetson) by extensions ['colcon_meta']
[0.425s] Level 1:colcon.colcon_core.package_identification:_identify(jetson_rc_control/jetson) by extension 'colcon_meta'
[0.425s] Level 1:colcon.colcon_core.package_identification:_identify(jetson_rc_control/jetson) by extensions ['ros']
[0.425s] Level 1:colcon.colcon_core.package_identification:_identify(jetson_rc_control/jetson) by extension 'ros'
[0.425s] Level 1:colcon.colcon_core.package_identification:_identify(jetson_rc_control/jetson) by extensions ['cmake', 'python']
[0.425s] Level 1:colcon.colcon_core.package_identification:_identify(jetson_rc_control/jetson) by extension 'cmake'
[0.425s] Level 1:colcon.colcon_core.package_identification:_identify(jetson_rc_control/jetson) by extension 'python'
[0.425s] Level 1:colcon.colcon_core.package_identification:_identify(jetson_rc_control/jetson) by extensions ['python_setup_py']
[0.426s] Level 1:colcon.colcon_core.package_identification:_identify(jetson_rc_control/jetson) by extension 'python_setup_py'
[0.426s] Level 1:colcon.colcon_core.package_identification:_identify(jetson_rc_control/jetson/__pycache__) by extensions ['ignore', 'ignore_ament_install']
[0.426s] Level 1:colcon.colcon_core.package_identification:_identify(jetson_rc_control/jetson/__pycache__) by extension 'ignore'
[0.426s] Level 1:colcon.colcon_core.package_identification:_identify(jetson_rc_control/jetson/__pycache__) by extension 'ignore_ament_install'
[0.426s] Level 1:colcon.colcon_core.package_identification:_identify(jetson_rc_control/jetson/__pycache__) by extensions ['colcon_pkg']
[0.426s] Level 1:colcon.colcon_core.package_identification:_identify(jetson_rc_control/jetson/__pycache__) by extension 'colcon_pkg'
[0.426s] Level 1:colcon.colcon_core.package_identification:_identify(jetson_rc_control/jetson/__pycache__) by extensions ['colcon_meta']
[0.427s] Level 1:colcon.colcon_core.package_identification:_identify(jetson_rc_control/jetson/__pycache__) by extension 'colcon_meta'
[0.427s] Level 1:colcon.colcon_core.package_identification:_identify(jetson_rc_control/jetson/__pycache__) by extensions ['ros']
[0.427s] Level 1:colcon.colcon_core.package_identification:_identify(jetson_rc_control/jetson/__pycache__) by extension 'ros'
[0.427s] Level 1:colcon.colcon_core.package_identification:_identify(jetson_rc_control/jetson/__pycache__) by extensions ['cmake', 'python']
[0.427s] Level 1:colcon.colcon_core.package_identification:_identify(jetson_rc_control/jetson/__pycache__) by extension 'cmake'
[0.427s] Level 1:colcon.colcon_core.package_identification:_identify(jetson_rc_control/jetson/__pycache__) by extension 'python'
[0.427s] Level 1:colcon.colcon_core.package_identification:_identify(jetson_rc_control/jetson/__pycache__) by extensions ['python_setup_py']
[0.427s] Level 1:colcon.colcon_core.package_identification:_identify(jetson_rc_control/jetson/__pycache__) by extension 'python_setup_py'
[0.428s] Level 1:colcon.colcon_core.package_identification:_identify(log) by extensions ['ignore', 'ignore_ament_install']
[0.428s] Level 1:colcon.colcon_core.package_identification:_identify(log) by extension 'ignore'
[0.428s] Level 1:colcon.colcon_core.package_identification:_identify(log) ignored
[0.428s] Level 1:colcon.colcon_core.package_identification:_identify(my_team_racer) by extensions ['ignore', 'ignore_ament_install']
[0.428s] Level 1:colcon.colcon_core.package_identification:_identify(my_team_racer) by extension 'ignore'
[0.428s] Level 1:colcon.colcon_core.package_identification:_identify(my_team_racer) by extension 'ignore_ament_install'
[0.429s] Level 1:colcon.colcon_core.package_identification:_identify(my_team_racer) by extensions ['colcon_pkg']
[0.429s] Level 1:colcon.colcon_core.package_identification:_identify(my_team_racer) by extension 'colcon_pkg'
[0.429s] Level 1:colcon.colcon_core.package_identification:_identify(my_team_racer) by extensions ['colcon_meta']
[0.429s] Level 1:colcon.colcon_core.package_identification:_identify(my_team_racer) by extension 'colcon_meta'
[0.429s] Level 1:colcon.colcon_core.package_identification:_identify(my_team_racer) by extensions ['ros']
[0.429s] Level 1:colcon.colcon_core.package_identification:_identify(my_team_racer) by extension 'ros'
[0.431s] DEBUG:colcon.colcon_core.package_identification:Package 'my_team_racer' with type 'ros.ament_python' and name 'my_team_racer'
[0.431s] Level 1:colcon.colcon_core.package_discovery:discover_packages(recursive) using defaults
[0.431s] Level 1:colcon.colcon_core.package_discovery:discover_packages(ignore) discover
[0.431s] Level 1:colcon.colcon_core.package_discovery:discover_packages(ignore) using defaults
[0.431s] Level 1:colcon.colcon_core.package_discovery:discover_packages(path) discover
[0.431s] Level 1:colcon.colcon_core.package_discovery:discover_packages(path) using defaults
[0.473s] INFO:colcon.colcon_core.package_selection:Skipping not selected package 'my_team_racer' in 'my_team_racer'
[0.474s] Level 1:colcon.colcon_core.package_discovery:discover_packages(prefix_path) check parameters
[0.475s] Level 1:colcon.colcon_core.package_discovery:discover_packages(prefix_path) discover
[0.480s] DEBUG:colcon.colcon_installed_package_information.package_discovery:Found 287 installed packages in /opt/ros/jazzy
[0.484s] Level 1:colcon.colcon_core.package_discovery:discover_packages(prefix_path) using defaults
[0.583s] Level 5:colcon.colcon_core.verb:set package 'detection_and_avoidance' build argument 'cmake_args' from command line to 'None'
[0.583s] Level 5:colcon.colcon_core.verb:set package 'detection_and_avoidance' build argument 'cmake_target' from command line to 'None'
[0.583s] Level 5:colcon.colcon_core.verb:set package 'detection_and_avoidance' build argument 'cmake_target_skip_unavailable' from command line to 'False'
[0.583s] Level 5:colcon.colcon_core.verb:set package 'detection_and_avoidance' build argument 'cmake_clean_cache' from command line to 'False'
[0.583s] Level 5:colcon.colcon_core.verb:set package 'detection_and_avoidance' build argument 'cmake_clean_first' from command line to 'False'
[0.584s] Level 5:colcon.colcon_core.verb:set package 'detection_and_avoidance' build argument 'cmake_force_configure' from command line to 'False'
[0.584s] Level 5:colcon.colcon_core.verb:set package 'detection_and_avoidance' build argument 'ament_cmake_args' from command line to 'None'
[0.584s] Level 5:colcon.colcon_core.verb:set package 'detection_and_avoidance' build argument 'catkin_cmake_args' from command line to 'None'
[0.584s] Level 5:colcon.colcon_core.verb:set package 'detection_and_avoidance' build argument 'catkin_skip_building_tests' from command line to 'False'
[0.584s] DEBUG:colcon.colcon_core.verb:Building package 'detection_and_avoidance' with the following arguments: {'ament_cmake_args': None, 'build_base': '/home/fasty/Desktop/SDP/build/detection_and_avoidance', 'catkin_cmake_args': None, 'catkin_skip_building_tests': False, 'cmake_args': None, 'cmake_clean_cache': False, 'cmake_clean_first': False, 'cmake_force_configure': False, 'cmake_target': None, 'cmake_target_skip_unavailable': False, 'install_base': '/home/fasty/Desktop/SDP/install/detection_and_avoidance', 'merge_install': False, 'path': '/home/fasty/Desktop/SDP/detection_and_avoidance', 'symlink_install': True, 'test_result_base': None}
[0.584s] INFO:colcon.colcon_core.executor:Executing jobs using 'parallel' executor
[0.586s] DEBUG:colcon.colcon_parallel_executor.executor.parallel:run_until_complete
[0.587s] INFO:colcon.colcon_ros.task.ament_python.build:Building ROS package in '/home/fasty/Desktop/SDP/detection_and_avoidance' with build type 'ament_python'
[0.587s] Level 1:colcon.colcon_core.shell:create_environment_hook('detection_and_avoidance', 'ament_prefix_path')
[0.600s] INFO:colcon.colcon_core.plugin_system:Skipping extension 'colcon_core.shell.bat': Not used on non-Windows systems
[0.601s] INFO:colcon.colcon_core.shell:Creating environment hook '/home/fasty/Desktop/SDP/install/detection_and_avoidance/share/detection_and_avoidance/hook/ament_prefix_path.ps1'
[0.603s] INFO:colcon.colcon_core.shell:Creating environment descriptor '/home/fasty/Desktop/SDP/install/detection_and_avoidance/share/detection_and_avoidance/hook/ament_prefix_path.dsv'
[0.604s] INFO:colcon.colcon_core.shell:Creating environment hook '/home/fasty/Desktop/SDP/install/detection_and_avoidance/share/detection_and_avoidance/hook/ament_prefix_path.sh'
[0.605s] INFO:colcon.colcon_core.shell:Skip shell extension 'powershell' for command environment: Not usable outside of PowerShell
[0.605s] DEBUG:colcon.colcon_core.shell:Skip shell extension 'dsv' for command environment
[1.130s] INFO:colcon.colcon_core.task.python.build:Building Python package in '/home/fasty/Desktop/SDP/detection_and_avoidance'
[1.131s] INFO:colcon.colcon_core.shell:Skip shell extension 'powershell' for command environment: Not usable outside of PowerShell
[1.131s] DEBUG:colcon.colcon_core.shell:Skip shell extension 'dsv' for command environment
[2.606s] DEBUG:colcon.colcon_core.task.python.build:Available setuptools commands: clean, rotate, register, compile_catalog, install_scripts, bdist_wheel, build_ext, build_scripts, easy_install, build, egg_info, sdist, install_egg_info, bdist_rpm, symlink_data, init_catalog, editable_wheel, alias, install, build_py, bdist_dumb, update_catalog, dist_info, install_data, install_lib, develop, bdist, bdist_egg, install_headers, upload_docs, upload, setopt, test, build_clib, check, extract_messages, saveopts
[3.413s] DEBUG:colcon.colcon_core.task.python.build:Available setuptools 'develop' options: --index-url, --optimize, --user, --uninstall, --install-dir, --no-find-links, --allow-hosts, --dry-run, --build-directory, --always-unzip, --find-links, --verbose, --prefix, --exclude-scripts, --quiet, --force-installation-into-system-dir, --egg-path, --no-user-cfg, --local-snapshots-ok, --always-copy, --help, --multi-version, --install-layout, --site-dirs, --zip-ok, --version, --upgrade, --no-deps, --editable, --record, --script-dir
[3.418s] DEBUG:colcon.colcon_core.event_handler.log_command:Invoking command in '/home/fasty/Desktop/SDP/build/detection_and_avoidance': DEBUGINFOD_URLS=https://debuginfod.ubuntu.com PYTHONPATH=/home/fasty/Desktop/SDP/build/detection_and_avoidance/prefix_override:/usr/lib/python3/dist-packages/colcon_core/task/python/colcon_distutils_commands:/home/fasty/Desktop/SDP/install/detection_and_avoidance/lib/python3.12/site-packages:${PYTHONPATH} /usr/bin/python3 -W ignore:setup.py install is deprecated -W ignore:easy_install command is deprecated setup.py develop --editable --build-directory /home/fasty/Desktop/SDP/build/detection_and_avoidance/build --no-deps symlink_data
[4.989s] Level 1:colcon.colcon_core.shell:create_environment_hook('detection_and_avoidance', 'pythonpath_develop')
[4.989s] INFO:colcon.colcon_core.shell:Creating environment hook '/home/fasty/Desktop/SDP/build/detection_and_avoidance/share/detection_and_avoidance/hook/pythonpath_develop.ps1'
[4.990s] DEBUG:colcon.colcon_core.event_handler.log_command:Invoked command in '/home/fasty/Desktop/SDP/build/detection_and_avoidance' returned '0': DEBUGINFOD_URLS=https://debuginfod.ubuntu.com PYTHONPATH=/home/fasty/Desktop/SDP/build/detection_and_avoidance/prefix_override:/usr/lib/python3/dist-packages/colcon_core/task/python/colcon_distutils_commands:/home/fasty/Desktop/SDP/install/detection_and_avoidance/lib/python3.12/site-packages:${PYTHONPATH} /usr/bin/python3 -W ignore:setup.py install is deprecated -W ignore:easy_install command is deprecated setup.py develop --editable --build-directory /home/fasty/Desktop/SDP/build/detection_and_avoidance/build --no-deps symlink_data
[4.991s] INFO:colcon.colcon_core.shell:Creating environment descriptor '/home/fasty/Desktop/SDP/build/detection_and_avoidance/share/detection_and_avoidance/hook/pythonpath_develop.dsv'
[4.992s] INFO:colcon.colcon_core.shell:Creating environment hook '/home/fasty/Desktop/SDP/build/detection_and_avoidance/share/detection_and_avoidance/hook/pythonpath_develop.sh'
[4.997s] Level 1:colcon.colcon_core.environment:checking '/home/fasty/Desktop/SDP/install/detection_and_avoidance' for CMake module files
[4.998s] Level 1:colcon.colcon_core.environment:checking '/home/fasty/Desktop/SDP/install/detection_and_avoidance' for CMake config files
[5.000s] Level 1:colcon.colcon_core.environment:checking '/home/fasty/Desktop/SDP/install/detection_and_avoidance/lib'
[5.000s] Level 1:colcon.colcon_core.environment:checking '/home/fasty/Desktop/SDP/install/detection_and_avoidance/bin'
[5.000s] Level 1:colcon.colcon_core.environment:checking '/home/fasty/Desktop/SDP/install/detection_and_avoidance/lib/pkgconfig/detection_and_avoidance.pc'
[5.001s] Level 1:colcon.colcon_core.environment:checking '/home/fasty/Desktop/SDP/install/detection_and_avoidance/lib/python3.12/site-packages'
[5.001s] Level 1:colcon.colcon_core.shell:create_environment_hook('detection_and_avoidance', 'pythonpath')
[5.001s] INFO:colcon.colcon_core.shell:Creating environment hook '/home/fasty/Desktop/SDP/install/detection_and_avoidance/share/detection_and_avoidance/hook/pythonpath.ps1'
[5.002s] INFO:colcon.colcon_core.shell:Creating environment descriptor '/home/fasty/Desktop/SDP/install/detection_and_avoidance/share/detection_and_avoidance/hook/pythonpath.dsv'
[5.003s] INFO:colcon.colcon_core.shell:Creating environment hook '/home/fasty/Desktop/SDP/install/detection_and_avoidance/share/detection_and_avoidance/hook/pythonpath.sh'
[5.005s] Level 1:colcon.colcon_core.environment:checking '/home/fasty/Desktop/SDP/install/detection_and_avoidance/bin'
[5.005s] Level 1:colcon.colcon_core.environment:create_environment_scripts_only(detection_and_avoidance)
[5.005s] INFO:colcon.colcon_core.shell:Creating package script '/home/fasty/Desktop/SDP/install/detection_and_avoidance/share/detection_and_avoidance/package.ps1'
[5.008s] INFO:colcon.colcon_core.shell:Creating package descriptor '/home/fasty/Desktop/SDP/install/detection_and_avoidance/share/detection_and_avoidance/package.dsv'
[5.009s] INFO:colcon.colcon_core.shell:Creating package script '/home/fasty/Desktop/SDP/install/detection_and_avoidance/share/detection_and_avoidance/package.sh'
[5.012s] INFO:colcon.colcon_core.shell:Creating package script '/home/fasty/Desktop/SDP/install/detection_and_avoidance/share/detection_and_avoidance/package.bash'
[5.013s] INFO:colcon.colcon_core.shell:Creating package script '/home/fasty/Desktop/SDP/install/detection_and_avoidance/share/detection_and_avoidance/package.zsh'
[5.014s] Level 1:colcon.colcon_core.environment:create_file_with_runtime_dependencies(/home/fasty/Desktop/SDP/install/detection_and_avoidance/share/colcon-core/packages/detection_and_avoidance)
[5.015s] DEBUG:colcon.colcon_parallel_executor.executor.parallel:closing loop
[5.016s] DEBUG:colcon.colcon_parallel_executor.executor.parallel:loop closed
[5.017s] DEBUG:colcon.colcon_parallel_executor.executor.parallel:run_until_complete finished with '0'
[5.017s] DEBUG:colcon.colcon_core.event_reactor:joining thread
[5.030s] INFO:colcon.colcon_core.plugin_system:Skipping extension 'colcon_notification.desktop_notification.terminal_notifier': Not used on non-Darwin systems
[5.031s] INFO:colcon.colcon_core.plugin_system:Skipping extension 'colcon_notification.desktop_notification.win32': Not used on non-Windows systems
[5.034s] INFO:colcon.colcon_notification.desktop_notification:Sending desktop notification using 'notify2'
[5.082s] DEBUG:colcon.colcon_core.event_reactor:joined thread
[5.083s] INFO:colcon.colcon_core.shell:Creating prefix script '/home/fasty/Desktop/SDP/install/local_setup.ps1'
[5.085s] INFO:colcon.colcon_core.shell:Creating prefix util module '/home/fasty/Desktop/SDP/install/_local_setup_util_ps1.py'
[5.088s] INFO:colcon.colcon_core.shell:Creating prefix chain script '/home/fasty/Desktop/SDP/install/setup.ps1'
[5.090s] INFO:colcon.colcon_core.shell:Creating prefix script '/home/fasty/Desktop/SDP/install/local_setup.sh'
[5.091s] INFO:colcon.colcon_core.shell:Creating prefix util module '/home/fasty/Desktop/SDP/install/_local_setup_util_sh.py'
[5.092s] INFO:colcon.colcon_core.shell:Creating prefix chain script '/home/fasty/Desktop/SDP/install/setup.sh'
[5.094s] INFO:colcon.colcon_core.shell:Creating prefix script '/home/fasty/Desktop/SDP/install/local_setup.bash'
[5.095s] INFO:colcon.colcon_core.shell:Creating prefix chain script '/home/fasty/Desktop/SDP/install/setup.bash'
[5.097s] INFO:colcon.colcon_core.shell:Creating prefix script '/home/fasty/Desktop/SDP/install/local_setup.zsh'
[5.098s] INFO:colcon.colcon_core.shell:Creating prefix chain script '/home/fasty/Desktop/SDP/install/setup.zsh'
