[0.256s] DEBUG:colcon:Command line arguments: ['/usr/bin/colcon', 'build', '--packages-select', 'detection_and_avoidance', '--symlink-install']
[0.257s] DEBUG:colcon:Parsed command line arguments: Namespace(log_base=None, log_level=None, verb_name='build', build_base='build', install_base='install', merge_install=False, symlink_install=True, test_result_base=None, continue_on_error=False, executor='parallel', parallel_workers=4, event_handlers=None, ignore_user_meta=False, metas=['./colcon.meta'], base_paths=['.'], packages_ignore=None, packages_ignore_regex=None, paths=None, packages_up_to=None, packages_up_to_regex=None, packages_above=None, packages_above_and_dependencies=None, packages_above_depth=None, packages_select_by_dep=None, packages_skip_by_dep=None, packages_skip_up_to=None, packages_select_build_failed=False, packages_skip_build_finished=False, packages_select_test_failures=False, packages_skip_test_passed=False, packages_select=['detection_and_avoidance'], packages_skip=None, packages_select_regex=None, packages_skip_regex=None, packages_start=None, packages_end=None, allow_overriding=[], cmake_args=None, cmake_target=None, cmake_target_skip_unavailable=False, cmake_clean_cache=False, cmake_clean_first=False, cmake_force_configure=False, ament_cmake_args=None, catkin_cmake_args=None, catkin_skip_building_tests=False, mixin_files=None, mixin=None, verb_parser=<colcon_mixin.mixin.mixin_argument.MixinArgumentDecorator object at 0xffff82358ec0>, verb_extension=<colcon_core.verb.build.BuildVerb object at 0xffff82327f20>, main=<bound method BuildVerb.main of <colcon_core.verb.build.BuildVerb object at 0xffff82327f20>>, mixin_verb=('build',))
[0.343s] Level 1:colcon.colcon_core.package_discovery:discover_packages(colcon_meta) check parameters
[0.344s] Level 1:colcon.colcon_core.package_discovery:discover_packages(recursive) check parameters
[0.344s] Level 1:colcon.colcon_core.package_discovery:discover_packages(ignore) check parameters
[0.344s] Level 1:colcon.colcon_core.package_discovery:discover_packages(path) check parameters
[0.344s] Level 1:colcon.colcon_core.package_discovery:discover_packages(colcon_meta) discover
[0.344s] Level 1:colcon.colcon_core.package_discovery:discover_packages(recursive) discover
[0.344s] INFO:colcon.colcon_core.package_discovery:Crawling recursively for packages in '/home/fasty/Desktop/SDP'
[0.344s] Level 1:colcon.colcon_core.package_identification:_identify(.) by extensions ['ignore', 'ignore_ament_install']
[0.345s] Level 1:colcon.colcon_core.package_identification:_identify(.) by extension 'ignore'
[0.345s] Level 1:colcon.colcon_core.package_identification:_identify(.) by extension 'ignore_ament_install'
[0.345s] Level 1:colcon.colcon_core.package_identification:_identify(.) by extensions ['colcon_pkg']
[0.345s] Level 1:colcon.colcon_core.package_identification:_identify(.) by extension 'colcon_pkg'
[0.345s] Level 1:colcon.colcon_core.package_identification:_identify(.) by extensions ['colcon_meta']
[0.345s] Level 1:colcon.colcon_core.package_identification:_identify(.) by extension 'colcon_meta'
[0.345s] Level 1:colcon.colcon_core.package_identification:_identify(.) by extensions ['ros']
[0.345s] Level 1:colcon.colcon_core.package_identification:_identify(.) by extension 'ros'
[0.403s] Level 1:colcon.colcon_core.package_identification:_identify(.) by extensions ['cmake', 'python']
[0.403s] Level 1:colcon.colcon_core.package_identification:_identify(.) by extension 'cmake'
[0.404s] Level 1:colcon.colcon_core.package_identification:_identify(.) by extension 'python'
[0.404s] Level 1:colcon.colcon_core.package_identification:_identify(.) by extensions ['python_setup_py']
[0.404s] Level 1:colcon.colcon_core.package_identification:_identify(.) by extension 'python_setup_py'
[0.404s] Level 1:colcon.colcon_core.package_identification:_identify(build) by extensions ['ignore', 'ignore_ament_install']
[0.404s] Level 1:colcon.colcon_core.package_identification:_identify(build) by extension 'ignore'
[0.405s] Level 1:colcon.colcon_core.package_identification:_identify(build) ignored
[0.405s] Level 1:colcon.colcon_core.package_identification:_identify(detection_and_avoidance) by extensions ['ignore', 'ignore_ament_install']
[0.405s] Level 1:colcon.colcon_core.package_identification:_identify(detection_and_avoidance) by extension 'ignore'
[0.405s] Level 1:colcon.colcon_core.package_identification:_identify(detection_and_avoidance) by extension 'ignore_ament_install'
[0.406s] Level 1:colcon.colcon_core.package_identification:_identify(detection_and_avoidance) by extensions ['colcon_pkg']
[0.406s] Level 1:colcon.colcon_core.package_identification:_identify(detection_and_avoidance) by extension 'colcon_pkg'
[0.406s] Level 1:colcon.colcon_core.package_identification:_identify(detection_and_avoidance) by extensions ['colcon_meta']
[0.406s] Level 1:colcon.colcon_core.package_identification:_identify(detection_and_avoidance) by extension 'colcon_meta'
[0.406s] Level 1:colcon.colcon_core.package_identification:_identify(detection_and_avoidance) by extensions ['ros']
[0.406s] Level 1:colcon.colcon_core.package_identification:_identify(detection_and_avoidance) by extension 'ros'
[0.411s] DEBUG:colcon.colcon_core.package_identification:Package 'detection_and_avoidance' with type 'ros.ament_python' and name 'detection_and_avoidance'
[0.411s] Level 1:colcon.colcon_core.package_identification:_identify(install) by extensions ['ignore', 'ignore_ament_install']
[0.412s] Level 1:colcon.colcon_core.package_identification:_identify(install) by extension 'ignore'
[0.412s] Level 1:colcon.colcon_core.package_identification:_identify(install) ignored
[0.412s] Level 1:colcon.colcon_core.package_identification:_identify(jetson_rc_control) by extensions ['ignore', 'ignore_ament_install']
[0.412s] Level 1:colcon.colcon_core.package_identification:_identify(jetson_rc_control) by extension 'ignore'
[0.412s] Level 1:colcon.colcon_core.package_identification:_identify(jetson_rc_control) by extension 'ignore_ament_install'
[0.412s] Level 1:colcon.colcon_core.package_identification:_identify(jetson_rc_control) by extensions ['colcon_pkg']
[0.413s] Level 1:colcon.colcon_core.package_identification:_identify(jetson_rc_control) by extension 'colcon_pkg'
[0.413s] Level 1:colcon.colcon_core.package_identification:_identify(jetson_rc_control) by extensions ['colcon_meta']
[0.413s] Level 1:colcon.colcon_core.package_identification:_identify(jetson_rc_control) by extension 'colcon_meta'
[0.413s] Level 1:colcon.colcon_core.package_identification:_identify(jetson_rc_control) by extensions ['ros']
[0.413s] Level 1:colcon.colcon_core.package_identification:_identify(jetson_rc_control) by extension 'ros'
[0.413s] Level 1:colcon.colcon_core.package_identification:_identify(jetson_rc_control) by extensions ['cmake', 'python']
[0.413s] Level 1:colcon.colcon_core.package_identification:_identify(jetson_rc_control) by extension 'cmake'
[0.413s] Level 1:colcon.colcon_core.package_identification:_identify(jetson_rc_control) by extension 'python'
[0.413s] Level 1:colcon.colcon_core.package_identification:_identify(jetson_rc_control) by extensions ['python_setup_py']
[0.413s] Level 1:colcon.colcon_core.package_identification:_identify(jetson_rc_control) by extension 'python_setup_py'
[0.414s] Level 1:colcon.colcon_core.package_identification:_identify(jetson_rc_control/arduino) by extensions ['ignore', 'ignore_ament_install']
[0.414s] Level 1:colcon.colcon_core.package_identification:_identify(jetson_rc_control/arduino) by extension 'ignore'
[0.414s] Level 1:colcon.colcon_core.package_identification:_identify(jetson_rc_control/arduino) by extension 'ignore_ament_install'
[0.414s] Level 1:colcon.colcon_core.package_identification:_identify(jetson_rc_control/arduino) by extensions ['colcon_pkg']
[0.414s] Level 1:colcon.colcon_core.package_identification:_identify(jetson_rc_control/arduino) by extension 'colcon_pkg'
[0.414s] Level 1:colcon.colcon_core.package_identification:_identify(jetson_rc_control/arduino) by extensions ['colcon_meta']
[0.414s] Level 1:colcon.colcon_core.package_identification:_identify(jetson_rc_control/arduino) by extension 'colcon_meta'
[0.415s] Level 1:colcon.colcon_core.package_identification:_identify(jetson_rc_control/arduino) by extensions ['ros']
[0.415s] Level 1:colcon.colcon_core.package_identification:_identify(jetson_rc_control/arduino) by extension 'ros'
[0.415s] Level 1:colcon.colcon_core.package_identification:_identify(jetson_rc_control/arduino) by extensions ['cmake', 'python']
[0.415s] Level 1:colcon.colcon_core.package_identification:_identify(jetson_rc_control/arduino) by extension 'cmake'
[0.415s] Level 1:colcon.colcon_core.package_identification:_identify(jetson_rc_control/arduino) by extension 'python'
[0.415s] Level 1:colcon.colcon_core.package_identification:_identify(jetson_rc_control/arduino) by extensions ['python_setup_py']
[0.415s] Level 1:colcon.colcon_core.package_identification:_identify(jetson_rc_control/arduino) by extension 'python_setup_py'
[0.415s] Level 1:colcon.colcon_core.package_identification:_identify(jetson_rc_control/jetson) by extensions ['ignore', 'ignore_ament_install']
[0.416s] Level 1:colcon.colcon_core.package_identification:_identify(jetson_rc_control/jetson) by extension 'ignore'
[0.416s] Level 1:colcon.colcon_core.package_identification:_identify(jetson_rc_control/jetson) by extension 'ignore_ament_install'
[0.416s] Level 1:colcon.colcon_core.package_identification:_identify(jetson_rc_control/jetson) by extensions ['colcon_pkg']
[0.416s] Level 1:colcon.colcon_core.package_identification:_identify(jetson_rc_control/jetson) by extension 'colcon_pkg'
[0.416s] Level 1:colcon.colcon_core.package_identification:_identify(jetson_rc_control/jetson) by extensions ['colcon_meta']
[0.416s] Level 1:colcon.colcon_core.package_identification:_identify(jetson_rc_control/jetson) by extension 'colcon_meta'
[0.416s] Level 1:colcon.colcon_core.package_identification:_identify(jetson_rc_control/jetson) by extensions ['ros']
[0.416s] Level 1:colcon.colcon_core.package_identification:_identify(jetson_rc_control/jetson) by extension 'ros'
[0.417s] Level 1:colcon.colcon_core.package_identification:_identify(jetson_rc_control/jetson) by extensions ['cmake', 'python']
[0.417s] Level 1:colcon.colcon_core.package_identification:_identify(jetson_rc_control/jetson) by extension 'cmake'
[0.417s] Level 1:colcon.colcon_core.package_identification:_identify(jetson_rc_control/jetson) by extension 'python'
[0.417s] Level 1:colcon.colcon_core.package_identification:_identify(jetson_rc_control/jetson) by extensions ['python_setup_py']
[0.417s] Level 1:colcon.colcon_core.package_identification:_identify(jetson_rc_control/jetson) by extension 'python_setup_py'
[0.417s] Level 1:colcon.colcon_core.package_identification:_identify(jetson_rc_control/jetson/__pycache__) by extensions ['ignore', 'ignore_ament_install']
[0.417s] Level 1:colcon.colcon_core.package_identification:_identify(jetson_rc_control/jetson/__pycache__) by extension 'ignore'
[0.417s] Level 1:colcon.colcon_core.package_identification:_identify(jetson_rc_control/jetson/__pycache__) by extension 'ignore_ament_install'
[0.418s] Level 1:colcon.colcon_core.package_identification:_identify(jetson_rc_control/jetson/__pycache__) by extensions ['colcon_pkg']
[0.418s] Level 1:colcon.colcon_core.package_identification:_identify(jetson_rc_control/jetson/__pycache__) by extension 'colcon_pkg'
[0.418s] Level 1:colcon.colcon_core.package_identification:_identify(jetson_rc_control/jetson/__pycache__) by extensions ['colcon_meta']
[0.418s] Level 1:colcon.colcon_core.package_identification:_identify(jetson_rc_control/jetson/__pycache__) by extension 'colcon_meta'
[0.418s] Level 1:colcon.colcon_core.package_identification:_identify(jetson_rc_control/jetson/__pycache__) by extensions ['ros']
[0.418s] Level 1:colcon.colcon_core.package_identification:_identify(jetson_rc_control/jetson/__pycache__) by extension 'ros'
[0.418s] Level 1:colcon.colcon_core.package_identification:_identify(jetson_rc_control/jetson/__pycache__) by extensions ['cmake', 'python']
[0.418s] Level 1:colcon.colcon_core.package_identification:_identify(jetson_rc_control/jetson/__pycache__) by extension 'cmake'
[0.418s] Level 1:colcon.colcon_core.package_identification:_identify(jetson_rc_control/jetson/__pycache__) by extension 'python'
[0.418s] Level 1:colcon.colcon_core.package_identification:_identify(jetson_rc_control/jetson/__pycache__) by extensions ['python_setup_py']
[0.419s] Level 1:colcon.colcon_core.package_identification:_identify(jetson_rc_control/jetson/__pycache__) by extension 'python_setup_py'
[0.419s] Level 1:colcon.colcon_core.package_identification:_identify(log) by extensions ['ignore', 'ignore_ament_install']
[0.419s] Level 1:colcon.colcon_core.package_identification:_identify(log) by extension 'ignore'
[0.419s] Level 1:colcon.colcon_core.package_identification:_identify(log) ignored
[0.419s] Level 1:colcon.colcon_core.package_identification:_identify(my_team_racer) by extensions ['ignore', 'ignore_ament_install']
[0.419s] Level 1:colcon.colcon_core.package_identification:_identify(my_team_racer) by extension 'ignore'
[0.420s] Level 1:colcon.colcon_core.package_identification:_identify(my_team_racer) by extension 'ignore_ament_install'
[0.420s] Level 1:colcon.colcon_core.package_identification:_identify(my_team_racer) by extensions ['colcon_pkg']
[0.420s] Level 1:colcon.colcon_core.package_identification:_identify(my_team_racer) by extension 'colcon_pkg'
[0.420s] Level 1:colcon.colcon_core.package_identification:_identify(my_team_racer) by extensions ['colcon_meta']
[0.420s] Level 1:colcon.colcon_core.package_identification:_identify(my_team_racer) by extension 'colcon_meta'
[0.420s] Level 1:colcon.colcon_core.package_identification:_identify(my_team_racer) by extensions ['ros']
[0.420s] Level 1:colcon.colcon_core.package_identification:_identify(my_team_racer) by extension 'ros'
[0.421s] DEBUG:colcon.colcon_core.package_identification:Package 'my_team_racer' with type 'ros.ament_python' and name 'my_team_racer'
[0.422s] Level 1:colcon.colcon_core.package_discovery:discover_packages(recursive) using defaults
[0.422s] Level 1:colcon.colcon_core.package_discovery:discover_packages(ignore) discover
[0.422s] Level 1:colcon.colcon_core.package_discovery:discover_packages(ignore) using defaults
[0.422s] Level 1:colcon.colcon_core.package_discovery:discover_packages(path) discover
[0.422s] Level 1:colcon.colcon_core.package_discovery:discover_packages(path) using defaults
[0.465s] INFO:colcon.colcon_core.package_selection:Skipping not selected package 'my_team_racer' in 'my_team_racer'
[0.466s] Level 1:colcon.colcon_core.package_discovery:discover_packages(prefix_path) check parameters
[0.466s] Level 1:colcon.colcon_core.package_discovery:discover_packages(prefix_path) discover
[0.471s] DEBUG:colcon.colcon_installed_package_information.package_discovery:Found 287 installed packages in /opt/ros/jazzy
[0.475s] Level 1:colcon.colcon_core.package_discovery:discover_packages(prefix_path) using defaults
[0.571s] Level 5:colcon.colcon_core.verb:set package 'detection_and_avoidance' build argument 'cmake_args' from command line to 'None'
[0.571s] Level 5:colcon.colcon_core.verb:set package 'detection_and_avoidance' build argument 'cmake_target' from command line to 'None'
[0.572s] Level 5:colcon.colcon_core.verb:set package 'detection_and_avoidance' build argument 'cmake_target_skip_unavailable' from command line to 'False'
[0.572s] Level 5:colcon.colcon_core.verb:set package 'detection_and_avoidance' build argument 'cmake_clean_cache' from command line to 'False'
[0.572s] Level 5:colcon.colcon_core.verb:set package 'detection_and_avoidance' build argument 'cmake_clean_first' from command line to 'False'
[0.572s] Level 5:colcon.colcon_core.verb:set package 'detection_and_avoidance' build argument 'cmake_force_configure' from command line to 'False'
[0.572s] Level 5:colcon.colcon_core.verb:set package 'detection_and_avoidance' build argument 'ament_cmake_args' from command line to 'None'
[0.572s] Level 5:colcon.colcon_core.verb:set package 'detection_and_avoidance' build argument 'catkin_cmake_args' from command line to 'None'
[0.572s] Level 5:colcon.colcon_core.verb:set package 'detection_and_avoidance' build argument 'catkin_skip_building_tests' from command line to 'False'
[0.572s] DEBUG:colcon.colcon_core.verb:Building package 'detection_and_avoidance' with the following arguments: {'ament_cmake_args': None, 'build_base': '/home/fasty/Desktop/SDP/build/detection_and_avoidance', 'catkin_cmake_args': None, 'catkin_skip_building_tests': False, 'cmake_args': None, 'cmake_clean_cache': False, 'cmake_clean_first': False, 'cmake_force_configure': False, 'cmake_target': None, 'cmake_target_skip_unavailable': False, 'install_base': '/home/fasty/Desktop/SDP/install/detection_and_avoidance', 'merge_install': False, 'path': '/home/fasty/Desktop/SDP/detection_and_avoidance', 'symlink_install': True, 'test_result_base': None}
[0.572s] INFO:colcon.colcon_core.executor:Executing jobs using 'parallel' executor
[0.574s] DEBUG:colcon.colcon_parallel_executor.executor.parallel:run_until_complete
[0.575s] INFO:colcon.colcon_ros.task.ament_python.build:Building ROS package in '/home/fasty/Desktop/SDP/detection_and_avoidance' with build type 'ament_python'
[0.575s] Level 1:colcon.colcon_core.shell:create_environment_hook('detection_and_avoidance', 'ament_prefix_path')
[0.580s] INFO:colcon.colcon_core.plugin_system:Skipping extension 'colcon_core.shell.bat': Not used on non-Windows systems
[0.580s] INFO:colcon.colcon_core.shell:Creating environment hook '/home/fasty/Desktop/SDP/install/detection_and_avoidance/share/detection_and_avoidance/hook/ament_prefix_path.ps1'
[0.582s] INFO:colcon.colcon_core.shell:Creating environment descriptor '/home/fasty/Desktop/SDP/install/detection_and_avoidance/share/detection_and_avoidance/hook/ament_prefix_path.dsv'
[0.583s] INFO:colcon.colcon_core.shell:Creating environment hook '/home/fasty/Desktop/SDP/install/detection_and_avoidance/share/detection_and_avoidance/hook/ament_prefix_path.sh'
[0.584s] INFO:colcon.colcon_core.shell:Skip shell extension 'powershell' for command environment: Not usable outside of PowerShell
[0.584s] DEBUG:colcon.colcon_core.shell:Skip shell extension 'dsv' for command environment
[1.110s] INFO:colcon.colcon_core.task.python.build:Building Python package in '/home/fasty/Desktop/SDP/detection_and_avoidance'
[1.111s] INFO:colcon.colcon_core.shell:Skip shell extension 'powershell' for command environment: Not usable outside of PowerShell
[1.111s] DEBUG:colcon.colcon_core.shell:Skip shell extension 'dsv' for command environment
[2.534s] DEBUG:colcon.colcon_core.task.python.build:Available setuptools commands: test, install_egg_info, install_scripts, clean, build_py, extract_messages, init_catalog, egg_info, bdist_wheel, alias, dist_info, develop, build_clib, rotate, sdist, install_data, register, check, build_ext, update_catalog, bdist_egg, editable_wheel, setopt, compile_catalog, saveopts, easy_install, upload, symlink_data, bdist_rpm, build_scripts, build, upload_docs, bdist_dumb, install_lib, install, bdist, install_headers
[3.320s] DEBUG:colcon.colcon_core.task.python.build:Available setuptools 'develop' options: --user, --exclude-scripts, --dry-run, --editable, --no-find-links, --prefix, --help, --script-dir, --always-unzip, --local-snapshots-ok, --force-installation-into-system-dir, --optimize, --find-links, --index-url, --zip-ok, --site-dirs, --install-layout, --upgrade, --allow-hosts, --version, --uninstall, --install-dir, --verbose, --no-deps, --quiet, --record, --build-directory, --no-user-cfg, --egg-path, --always-copy, --multi-version
[3.327s] DEBUG:colcon.colcon_core.event_handler.log_command:Invoking command in '/home/fasty/Desktop/SDP/build/detection_and_avoidance': DEBUGINFOD_URLS=https://debuginfod.ubuntu.com PYTHONPATH=/home/fasty/Desktop/SDP/build/detection_and_avoidance/prefix_override:/usr/lib/python3/dist-packages/colcon_core/task/python/colcon_distutils_commands:/home/fasty/Desktop/SDP/install/detection_and_avoidance/lib/python3.12/site-packages:${PYTHONPATH} /usr/bin/python3 -W ignore:setup.py install is deprecated -W ignore:easy_install command is deprecated setup.py develop --editable --build-directory /home/fasty/Desktop/SDP/build/detection_and_avoidance/build --no-deps symlink_data
[4.880s] Level 1:colcon.colcon_core.shell:create_environment_hook('detection_and_avoidance', 'pythonpath_develop')
[4.881s] INFO:colcon.colcon_core.shell:Creating environment hook '/home/fasty/Desktop/SDP/build/detection_and_avoidance/share/detection_and_avoidance/hook/pythonpath_develop.ps1'
[4.882s] DEBUG:colcon.colcon_core.event_handler.log_command:Invoked command in '/home/fasty/Desktop/SDP/build/detection_and_avoidance' returned '0': DEBUGINFOD_URLS=https://debuginfod.ubuntu.com PYTHONPATH=/home/fasty/Desktop/SDP/build/detection_and_avoidance/prefix_override:/usr/lib/python3/dist-packages/colcon_core/task/python/colcon_distutils_commands:/home/fasty/Desktop/SDP/install/detection_and_avoidance/lib/python3.12/site-packages:${PYTHONPATH} /usr/bin/python3 -W ignore:setup.py install is deprecated -W ignore:easy_install command is deprecated setup.py develop --editable --build-directory /home/fasty/Desktop/SDP/build/detection_and_avoidance/build --no-deps symlink_data
[4.884s] INFO:colcon.colcon_core.shell:Creating environment descriptor '/home/fasty/Desktop/SDP/build/detection_and_avoidance/share/detection_and_avoidance/hook/pythonpath_develop.dsv'
[4.885s] INFO:colcon.colcon_core.shell:Creating environment hook '/home/fasty/Desktop/SDP/build/detection_and_avoidance/share/detection_and_avoidance/hook/pythonpath_develop.sh'
[4.894s] Level 1:colcon.colcon_core.environment:checking '/home/fasty/Desktop/SDP/install/detection_and_avoidance' for CMake module files
[4.897s] Level 1:colcon.colcon_core.environment:checking '/home/fasty/Desktop/SDP/install/detection_and_avoidance' for CMake config files
[4.899s] Level 1:colcon.colcon_core.environment:checking '/home/fasty/Desktop/SDP/install/detection_and_avoidance/lib'
[4.900s] Level 1:colcon.colcon_core.environment:checking '/home/fasty/Desktop/SDP/install/detection_and_avoidance/bin'
[4.900s] Level 1:colcon.colcon_core.environment:checking '/home/fasty/Desktop/SDP/install/detection_and_avoidance/lib/pkgconfig/detection_and_avoidance.pc'
[4.901s] Level 1:colcon.colcon_core.environment:checking '/home/fasty/Desktop/SDP/install/detection_and_avoidance/lib/python3.12/site-packages'
[4.901s] Level 1:colcon.colcon_core.shell:create_environment_hook('detection_and_avoidance', 'pythonpath')
[4.902s] INFO:colcon.colcon_core.shell:Creating environment hook '/home/fasty/Desktop/SDP/install/detection_and_avoidance/share/detection_and_avoidance/hook/pythonpath.ps1'
[4.904s] INFO:colcon.colcon_core.shell:Creating environment descriptor '/home/fasty/Desktop/SDP/install/detection_and_avoidance/share/detection_and_avoidance/hook/pythonpath.dsv'
[4.905s] INFO:colcon.colcon_core.shell:Creating environment hook '/home/fasty/Desktop/SDP/install/detection_and_avoidance/share/detection_and_avoidance/hook/pythonpath.sh'
[4.908s] Level 1:colcon.colcon_core.environment:checking '/home/fasty/Desktop/SDP/install/detection_and_avoidance/bin'
[4.908s] Level 1:colcon.colcon_core.environment:create_environment_scripts_only(detection_and_avoidance)
[4.909s] INFO:colcon.colcon_core.shell:Creating package script '/home/fasty/Desktop/SDP/install/detection_and_avoidance/share/detection_and_avoidance/package.ps1'
[4.913s] INFO:colcon.colcon_core.shell:Creating package descriptor '/home/fasty/Desktop/SDP/install/detection_and_avoidance/share/detection_and_avoidance/package.dsv'
[4.916s] INFO:colcon.colcon_core.shell:Creating package script '/home/fasty/Desktop/SDP/install/detection_and_avoidance/share/detection_and_avoidance/package.sh'
[4.919s] INFO:colcon.colcon_core.shell:Creating package script '/home/fasty/Desktop/SDP/install/detection_and_avoidance/share/detection_and_avoidance/package.bash'
[4.922s] INFO:colcon.colcon_core.shell:Creating package script '/home/fasty/Desktop/SDP/install/detection_and_avoidance/share/detection_and_avoidance/package.zsh'
[4.924s] Level 1:colcon.colcon_core.environment:create_file_with_runtime_dependencies(/home/fasty/Desktop/SDP/install/detection_and_avoidance/share/colcon-core/packages/detection_and_avoidance)
[4.925s] DEBUG:colcon.colcon_parallel_executor.executor.parallel:closing loop
[4.926s] DEBUG:colcon.colcon_parallel_executor.executor.parallel:loop closed
[4.926s] DEBUG:colcon.colcon_parallel_executor.executor.parallel:run_until_complete finished with '0'
[4.927s] DEBUG:colcon.colcon_core.event_reactor:joining thread
[4.946s] INFO:colcon.colcon_core.plugin_system:Skipping extension 'colcon_notification.desktop_notification.terminal_notifier': Not used on non-Darwin systems
[4.947s] INFO:colcon.colcon_core.plugin_system:Skipping extension 'colcon_notification.desktop_notification.win32': Not used on non-Windows systems
[4.947s] INFO:colcon.colcon_notification.desktop_notification:Sending desktop notification using 'notify2'
[4.981s] DEBUG:colcon.colcon_core.event_reactor:joined thread
[4.982s] INFO:colcon.colcon_core.shell:Creating prefix script '/home/fasty/Desktop/SDP/install/local_setup.ps1'
[4.985s] INFO:colcon.colcon_core.shell:Creating prefix util module '/home/fasty/Desktop/SDP/install/_local_setup_util_ps1.py'
[4.988s] INFO:colcon.colcon_core.shell:Creating prefix chain script '/home/fasty/Desktop/SDP/install/setup.ps1'
[4.991s] INFO:colcon.colcon_core.shell:Creating prefix script '/home/fasty/Desktop/SDP/install/local_setup.sh'
[4.992s] INFO:colcon.colcon_core.shell:Creating prefix util module '/home/fasty/Desktop/SDP/install/_local_setup_util_sh.py'
[4.994s] INFO:colcon.colcon_core.shell:Creating prefix chain script '/home/fasty/Desktop/SDP/install/setup.sh'
[4.996s] INFO:colcon.colcon_core.shell:Creating prefix script '/home/fasty/Desktop/SDP/install/local_setup.bash'
[4.997s] INFO:colcon.colcon_core.shell:Creating prefix chain script '/home/fasty/Desktop/SDP/install/setup.bash'
[4.999s] INFO:colcon.colcon_core.shell:Creating prefix script '/home/fasty/Desktop/SDP/install/local_setup.zsh'
[5.000s] INFO:colcon.colcon_core.shell:Creating prefix chain script '/home/fasty/Desktop/SDP/install/setup.zsh'
